// Jest Snapshot v1, https://goo.gl/fbAQLP

exports[`renders Buttons correctly 1`] = `
<View
  accessible={true}
  collapsable={false}
  focusable={false}
  onClick={[Function]}
  onResponderGrant={[Function]}
  onResponderMove={[Function]}
  onResponderRelease={[Function]}
  onResponderTerminate={[Function]}
  onResponderTerminationRequest={[Function]}
  onStartShouldSetResponder={[Function]}
  style={
    Object {
      "alignItems": "center",
      "alignSelf": "center",
      "backgroundColor": "#50aab5",
      "borderRadius": 10,
      "flexDirection": "row",
      "height": 60,
      "opacity": 1,
      "width": "60%",
    }
  }
>
  <View
    style={
      Object {
        "flex": 1,
      }
    }
  >
    <Text
      style={
        Object {
          "color": "white",
          "fontSize": 15,
          "textAlign": "center",
        }
      }
    >
       
       
    </Text>
  </View>
</View>
`;
